{
    "Connectomics profile with metrics - should run successfully": {
        "content": [
            10,
            {
                "CONNECTIVITY_AFDFIXEL": {
                    "scilpy": 1.6
                },
                "CONNECTIVITY_METRICS": {
                    "scilpy": "2.0.2"
                },
                "CONNECTIVITY_VISUALIZE": {
                    "scilpy": "2.0.2"
                },
                "FILTERING_COMMIT": {
                    "scilpy": 1.6
                },
                "TRACTOGRAM_DECOMPOSE": {
                    "scilpy": "2.0.2"
                },
                "TRANSFORM_LABELS": {
                    "ants": "2.4.3"
                },
                "Workflow": {
                    "nf/pediatric": "v1.0dev"
                }
            },
            [
                "multiqc",
                "multiqc/global_multiqc_data",
                "multiqc/global_multiqc_plots",
                "multiqc/global_multiqc_report.html",
                "pipeline_info",
                "pipeline_info/pipeline_software_mqc_versions.yml",
                "sub-test",
                "sub-test/anat",
                "sub-test/anat/sub-test_space-DWI_seg-BrainnetomeChild_dseg.nii.gz",
                "sub-test/dwi",
                "sub-test/dwi/sub-test_desc-filtered_tracking.h5",
                "sub-test/dwi/sub-test_desc-preproc_tracking.h5",
                "sub-test/dwi/sub-test_seg-BrainnetomeChild_stat-len.npy",
                "sub-test/dwi/sub-test_seg-BrainnetomeChild_stat-len.png",
                "sub-test/dwi/sub-test_seg-BrainnetomeChild_stat-sc.npy",
                "sub-test/dwi/sub-test_seg-BrainnetomeChild_stat-sc.png",
                "sub-test/dwi/sub-test_seg-BrainnetomeChild_stat-vol.npy",
                "sub-test/dwi/sub-test_seg-BrainnetomeChild_stat-vol.png",
                "sub-test/figures",
                "sub-test/figures/sub-test_gradients_mqc.png",
                "sub-test/figures/sub-test_labels_mqc.png",
                "sub-test/multiqc",
                "sub-test/multiqc/sub-test_multiqc_data",
                "sub-test/multiqc/sub-test_multiqc_plots",
                "sub-test/multiqc/sub-test_multiqc_report.html"
            ]
        ],
        "meta": {
            "nf-test": "0.9.2",
            "nextflow": "24.10.1"
        },
        "timestamp": "2025-01-02T23:24:43.348507"
    },
    "Connectomics profile without metrics - should run successfully": {
        "content": [
            10,
            {
                "CONNECTIVITY_AFDFIXEL": {
                    "scilpy": 1.6
                },
                "CONNECTIVITY_METRICS": {
                    "scilpy": "2.0.2"
                },
                "CONNECTIVITY_VISUALIZE": {
                    "scilpy": "2.0.2"
                },
                "FILTERING_COMMIT": {
                    "scilpy": 1.6
                },
                "TRACTOGRAM_DECOMPOSE": {
                    "scilpy": "2.0.2"
                },
                "TRANSFORM_LABELS": {
                    "ants": "2.4.3"
                },
                "Workflow": {
                    "nf/pediatric": "v1.0dev"
                }
            },
            [
                "multiqc",
                "multiqc/global_multiqc_data",
                "multiqc/global_multiqc_plots",
                "multiqc/global_multiqc_report.html",
                "pipeline_info",
                "pipeline_info/pipeline_software_mqc_versions.yml",
                "sub-test",
                "sub-test/anat",
                "sub-test/anat/sub-test_space-DWI_seg-BrainnetomeChild_dseg.nii.gz",
                "sub-test/dwi",
                "sub-test/dwi/sub-test_desc-filtered_tracking.h5",
                "sub-test/dwi/sub-test_desc-preproc_tracking.h5",
                "sub-test/dwi/sub-test_seg-BrainnetomeChild_stat-len.npy",
                "sub-test/dwi/sub-test_seg-BrainnetomeChild_stat-len.png",
                "sub-test/dwi/sub-test_seg-BrainnetomeChild_stat-sc.npy",
                "sub-test/dwi/sub-test_seg-BrainnetomeChild_stat-sc.png",
                "sub-test/dwi/sub-test_seg-BrainnetomeChild_stat-vol.npy",
                "sub-test/dwi/sub-test_seg-BrainnetomeChild_stat-vol.png",
                "sub-test/figures",
                "sub-test/figures/sub-test_gradients_mqc.png",
                "sub-test/figures/sub-test_labels_mqc.png",
                "sub-test/multiqc",
                "sub-test/multiqc/sub-test_multiqc_data",
                "sub-test/multiqc/sub-test_multiqc_plots",
                "sub-test/multiqc/sub-test_multiqc_report.html"
            ]
        ],
        "meta": {
            "nf-test": "0.9.2",
            "nextflow": "24.10.1"
        },
        "timestamp": "2025-01-02T23:25:39.287679"
    },
    "Connectomics + infant profile - should run successfully": {
        "content": [
            10,
            {
                "CONNECTIVITY_AFDFIXEL": {
                    "scilpy": 1.6
                },
                "CONNECTIVITY_METRICS": {
                    "scilpy": "2.0.2"
                },
                "CONNECTIVITY_VISUALIZE": {
                    "scilpy": "2.0.2"
                },
                "FILTERING_COMMIT": {
                    "scilpy": 1.6
                },
                "TRACTOGRAM_DECOMPOSE": {
                    "scilpy": "2.0.2"
                },
                "TRANSFORM_LABELS": {
                    "ants": "2.4.3"
                },
                "Workflow": {
                    "nf/pediatric": "v1.0dev"
                }
            },
            [
                "multiqc",
                "multiqc/global_multiqc_data",
                "multiqc/global_multiqc_plots",
                "multiqc/global_multiqc_report.html",
                "pipeline_info",
                "pipeline_info/pipeline_software_mqc_versions.yml",
                "sub-test",
                "sub-test/anat",
                "sub-test/anat/sub-test_space-DWI_seg-BrainnetomeChild_dseg.nii.gz",
                "sub-test/dwi",
                "sub-test/dwi/sub-test_desc-filtered_tracking.h5",
                "sub-test/dwi/sub-test_desc-preproc_tracking.h5",
                "sub-test/dwi/sub-test_seg-BrainnetomeChild_stat-len.npy",
                "sub-test/dwi/sub-test_seg-BrainnetomeChild_stat-len.png",
                "sub-test/dwi/sub-test_seg-BrainnetomeChild_stat-sc.npy",
                "sub-test/dwi/sub-test_seg-BrainnetomeChild_stat-sc.png",
                "sub-test/dwi/sub-test_seg-BrainnetomeChild_stat-vol.npy",
                "sub-test/dwi/sub-test_seg-BrainnetomeChild_stat-vol.png",
                "sub-test/figures",
                "sub-test/figures/sub-test_gradients_mqc.png",
                "sub-test/figures/sub-test_labels_mqc.png",
                "sub-test/multiqc",
                "sub-test/multiqc/sub-test_multiqc_data",
                "sub-test/multiqc/sub-test_multiqc_plots",
                "sub-test/multiqc/sub-test_multiqc_report.html"
            ]
        ],
        "meta": {
            "nf-test": "0.9.2",
            "nextflow": "24.10.1"
        },
        "timestamp": "2025-01-02T23:26:54.24494"
    }
}